// Jest Snapshot v1, https://goo.gl/fbAQLP

exports[`renders correctly 1`] = `
<Image
  resizeMode="cover"
  source={
    Object {
      "uri": undefined,
    }
  }
  style={
    Array [
      Object {
        "borderColor": "#ccc",
        "borderRadius": 35,
        "borderWidth": 2,
        "height": 70,
        "width": 70,
      },
      undefined,
    ]
  }
/>
`;
