// Jest Snapshot v1, https://goo.gl/fbAQLP

exports[`renders correctly 1`] = `
<View
  style={
    Object {
      "alignItems": "center",
      "flex": 1,
      "height": 100,
    }
  }
>
  <Text>
    Loading...
  </Text>
</View>
`;
